// Jest Snapshot v1, https://goo.gl/fbAQLP

exports[`Entries Snapshot Comprobar la UI del componente Entries 1`] = `
<div
  className="Entries"
>
  <div
    className="Entry"
  >
    <div
      className="Entry-metadata"
    >
      <p>
        El 
        29 de Octubre de 2012
      </p>
      <p>
        Por 
        <a
          href=""
        >
          Ernesto G Bustamante
        </a>
      </p>
      <small>
        3
         comentarios
      </small>
    </div>
    <div
      className="Entry-content"
    >
      <h1>
        Las bondades de HTML5
      </h1>
      <p>
        Lorem, ipsum dolor sit amet consectetur adipisicing elit. Amet, totam nemo esse, aspernatur maxime iste dolore quod, impedit eaque corrupti deserunt voluptatum itaque eum porro consequuntur ad dolorum reiciendis. Dolorem?
      </p>
      <a
        href=""
      >
        Leer más
      </a>
    </div>
  </div>
   
  <hr />
  <div
    className="Entry"
  >
    <div
      className="Entry-metadata"
    >
      <p>
        El 
        El 28 de Octubre de 2012
      </p>
      <p>
        Por 
        <a
          href=""
        >
          Ernesto G Bustamante
        </a>
      </p>
      <small>
        21
         comentarios
      </small>
    </div>
    <div
      className="Entry-content"
    >
      <h1>
        HTML5 en dispositivos móviles
      </h1>
      <p>
        Lorem, ipsum dolor sit amet consectetur adipisicing elit. Amet, totam nemo esse, aspernatur maxime iste dolore quod, impedit eaque corrupti deserunt voluptatum itaque eum porro consequuntur ad dolorum reiciendis. Dolorem?
      </p>
      <a
        href=""
      >
        Leer más
      </a>
    </div>
  </div>
   
  <hr />
  <div
    className="Entry"
  >
    <div
      className="Entry-metadata"
    >
      <p>
        El 
        27 de Octubre de 2012
      </p>
      <p>
        Por 
        <a
          href=""
        >
          Ernesto G Bustamante
        </a>
      </p>
      <small>
        6
         comentarios
      </small>
    </div>
    <div
      className="Entry-content"
    >
      <h1>
        Internet explorer es una basura
      </h1>
      <p>
        Lorem, ipsum dolor sit amet consectetur adipisicing elit. Amet, totam nemo esse, aspernatur maxime iste dolore quod, impedit eaque corrupti deserunt voluptatum itaque eum porro consequuntur ad dolorum reiciendis. Dolorem?
      </p>
      <a
        href=""
      >
        Leer más
      </a>
    </div>
  </div>
   
  <hr />
  <div
    className="Entry"
  >
    <div
      className="Entry-metadata"
    >
      <p>
        El 
        27 de Octubre de 2012
      </p>
      <p>
        Por 
        <a
          href=""
        >
          Ernesto G Bustamante
        </a>
      </p>
      <small>
        2
         comentarios
      </small>
    </div>
    <div
      className="Entry-content"
    >
      <h1>
        Diseño web en plantillas retina
      </h1>
      <p>
        Lorem, ipsum dolor sit amet consectetur adipisicing elit. Amet, totam nemo esse, aspernatur maxime iste dolore quod, impedit eaque corrupti deserunt voluptatum itaque eum porro consequuntur ad dolorum reiciendis. Dolorem?
      </p>
      <a
        href=""
      >
        Leer más
      </a>
    </div>
  </div>
   
</div>
`;
