// Jest Snapshot v1, https://goo.gl/fbAQLP

exports[`Menu Snapshot Comprobar la UI del componente Menu 1`] = `
<div
  className="Navbar"
>
  <ul>
    <li
      className="Active button"
      id="home"
      onClick={[Function]}
    >
      Home
    </li>
    <li
      className="button"
      id="about"
      onClick={[Function]}
    >
      Acerca de
    </li>
    <li
      className="button"
      id="portfolio"
      onClick={[Function]}
    >
      Portfolio
    </li>
    <li
      className="button"
      id="blog"
      onClick={[Function]}
    >
      Blog
    </li>
    <li
      className="button"
      id="contact"
      onClick={[Function]}
    >
      Contacto
    </li>
  </ul>
</div>
`;
